// Jest Snapshot v1, https://goo.gl/fbAQLP

exports[`Pruebas en <AppRouter /> Debe mostrar el Loading 1`] = `
<div
  className="d-flex justify-content-center align-items-center"
  style={
    Object {
      "height": "100vh",
    }
  }
>
  <div
    className="spinner-grow text-primary ml-3"
    role="status"
  />
  <div
    className="spinner-grow text-secondary ml-3"
    role="status"
  />
  <div
    className="spinner-grow text-success ml-3"
    role="status"
  />
  <div
    className="spinner-grow text-danger ml-3"
    role="status"
  />
  <div
    className="spinner-grow text-warning ml-3"
    role="status"
  />
  <div
    className="spinner-grow text-info ml-3"
    role="status"
  />
  <div
    className="spinner-grow text-light ml-3"
    role="status"
  />
  <div
    className="spinner-grow text-dark ml-3"
    role="status"
  />
  <span
    className="sr-only"
  >
    Loading...
  </span>
</div>
`;

exports[`Pruebas en <AppRouter /> Debe mostrar ruta p√∫blica 1`] = `
<div
  className="d-flex justify-content-center align-items-center"
  style={
    Object {
      "height": "100vh",
    }
  }
>
  <div>
    <h1
      className="text-center text-danger"
    >
      404
    </h1>
    <h2
      className="mb-4"
    >
      Ops! Page Not Found
    </h2>
    <button
      className="btn btn-primary btn-block"
      onClick={[Function]}
    >
      Ingresar
    </button>
  </div>
</div>
`;
